../Drivers/CMSIS/Include/core_cm4.h:1676:26:__NVIC_GetPriorityGrouping	4	static
../Drivers/CMSIS/Include/core_cm4.h:1688:22:__NVIC_EnableIRQ	16	static
../Drivers/CMSIS/Include/core_cm4.h:1816:22:__NVIC_SetPriority	16	static
../Drivers/CMSIS/Include/core_cm4.h:1863:26:NVIC_EncodePriority	40	static
../Core/Src/main.c:100:6:HAL_SPI_TxRxCpltCallback	16	static
../Core/Src/main.c:114:6:HAL_TIM_PeriodElapsedCallback	16	static
../Core/Src/main.c:126:5:main	8	static
../Core/Src/main.c:201:6:SystemClock_Config	88	static
../Core/Src/main.c:246:13:MX_NVIC_Init	8	static
../Core/Src/main.c:259:6:HAL_GPIO_EXTI_Callback	16	static
../Core/Src/main.c:267:6:doMemories	48	static
../Core/Src/main.c:318:6:saveMemories	48	static
../Core/Src/main.c:354:6:doMeasure	16	static
../Core/Src/main.c:394:6:get_weight	688	static
../Core/Src/main.c:438:6:Error_Handler	4	static,ignoring_inline_asm
