../Drivers/STM32F4xx_HAL_Driver/Inc/stm32f4xx_ll_spi.h:365:22:LL_SPI_SetStandard	16	static
../Drivers/STM32F4xx_HAL_Driver/Inc/stm32f4xx_ll_bus.h:409:22:LL_AHB1_GRP1_EnableClock	24	static
../Drivers/STM32F4xx_HAL_Driver/Inc/stm32f4xx_ll_bus.h:1704:22:LL_APB2_GRP1_EnableClock	24	static
../Drivers/STM32F4xx_HAL_Driver/Inc/stm32f4xx_ll_dma.h:595:22:LL_DMA_SetDataTransferDirection	24	static
../Drivers/STM32F4xx_HAL_Driver/Inc/stm32f4xx_ll_dma.h:643:22:LL_DMA_SetMode	24	static
../Drivers/STM32F4xx_HAL_Driver/Inc/stm32f4xx_ll_dma.h:690:22:LL_DMA_SetPeriphIncMode	24	static
../Drivers/STM32F4xx_HAL_Driver/Inc/stm32f4xx_ll_dma.h:735:22:LL_DMA_SetMemoryIncMode	24	static
../Drivers/STM32F4xx_HAL_Driver/Inc/stm32f4xx_ll_dma.h:781:22:LL_DMA_SetPeriphSize	24	static
../Drivers/STM32F4xx_HAL_Driver/Inc/stm32f4xx_ll_dma.h:828:22:LL_DMA_SetMemorySize	24	static
../Drivers/STM32F4xx_HAL_Driver/Inc/stm32f4xx_ll_dma.h:921:22:LL_DMA_SetStreamPriorityLevel	24	static
../Drivers/STM32F4xx_HAL_Driver/Inc/stm32f4xx_ll_dma.h:1019:22:LL_DMA_SetChannelSelection	24	static
../Drivers/STM32F4xx_HAL_Driver/Inc/stm32f4xx_ll_dma.h:1276:22:LL_DMA_DisableFifoMode	16	static
../Core/Src/spi.c:34:6:MX_SPI1_Init	8	static
../Core/Src/spi.c:66:6:MX_SPI2_Init	8	static
../Core/Src/spi.c:98:6:MX_SPI3_Init	8	static
../Core/Src/spi.c:130:6:MX_SPI5_Init	72	static
../Core/Src/spi.c:209:6:HAL_SPI_MspInit	64	static
../Core/Src/spi.c:334:6:HAL_SPI_MspDeInit	16	static
