../Middlewares/ST/touchgfx/framework/include/touchgfx/Screen.hpp:104:18:virtual void touchgfx::Screen::afterTransition()	16	static
../Middlewares/ST/touchgfx/framework/include/touchgfx/Screen.hpp:115:18:virtual void touchgfx::Screen::tearDownScreen()	16	static
../Middlewares/ST/touchgfx/framework/include/touchgfx/Screen.hpp:144:18:virtual void touchgfx::Screen::handleTickEvent()	16	static
../Middlewares/ST/touchgfx/framework/include/touchgfx/Screen.hpp:154:18:virtual void touchgfx::Screen::handleKeyEvent(uint8_t)	16	static
../TouchGFX/gui/include/gui/mainscreen_screen/MainScreenView.hpp:11:13:MainScreenView::~MainScreenView()	16	static
../TouchGFX/gui/include/gui/mainscreen_screen/MainScreenView.hpp:11:13:virtual MainScreenView::~MainScreenView()	16	static
../TouchGFX/gui/src/mainscreen_screen/MainScreenView.cpp:4:1:MainScreenView::MainScreenView()	16	static
../TouchGFX/gui/src/mainscreen_screen/MainScreenView.cpp:9:6:virtual void MainScreenView::setupScreen()	16	static
../TouchGFX/gui/src/mainscreen_screen/MainScreenView.cpp:14:6:virtual void MainScreenView::tearDownScreen()	16	static
../TouchGFX/gui/src/mainscreen_screen/MainScreenView.cpp:19:6:virtual void MainScreenView::Update_Weight_Text(int32_t)	16	static
../TouchGFX/gui/src/mainscreen_screen/MainScreenView.cpp:26:6:virtual void MainScreenView::resetClicked()	16	static
