../Drivers/STM32F4xx_HAL_Driver/Inc/stm32f4xx_ll_spi.h:297:22:LL_SPI_Enable	16	static
../Drivers/STM32F4xx_HAL_Driver/Inc/stm32f4xx_ll_spi.h:309:22:LL_SPI_Disable	16	static
../Drivers/STM32F4xx_HAL_Driver/Inc/stm32f4xx_ll_spi.h:555:22:LL_SPI_SetDataWidth	16	static
../Drivers/STM32F4xx_HAL_Driver/Inc/stm32f4xx_ll_spi.h:742:26:LL_SPI_IsActiveFlag_TXE	16	static
../Drivers/STM32F4xx_HAL_Driver/Inc/stm32f4xx_ll_spi.h:793:26:LL_SPI_IsActiveFlag_BSY	16	static
../Drivers/STM32F4xx_HAL_Driver/Inc/stm32f4xx_ll_spi.h:1023:22:LL_SPI_EnableDMAReq_TX	16	static
../Drivers/STM32F4xx_HAL_Driver/Inc/stm32f4xx_ll_spi.h:1056:26:LL_SPI_DMA_GetRegAddr	16	static
../Drivers/STM32F4xx_HAL_Driver/Inc/stm32f4xx_ll_spi.h:1098:22:LL_SPI_TransmitData8	24	static
../Drivers/STM32F4xx_HAL_Driver/Inc/stm32f4xx_ll_dma.h:494:22:LL_DMA_EnableStream	16	static
../Drivers/STM32F4xx_HAL_Driver/Inc/stm32f4xx_ll_dma.h:514:22:LL_DMA_DisableStream	16	static
../Drivers/STM32F4xx_HAL_Driver/Inc/stm32f4xx_ll_dma.h:569:22:LL_DMA_ConfigTransfer	24	static
../Drivers/STM32F4xx_HAL_Driver/Inc/stm32f4xx_ll_dma.h:618:26:LL_DMA_GetDataTransferDirection	16	static
../Drivers/STM32F4xx_HAL_Driver/Inc/stm32f4xx_ll_dma.h:968:22:LL_DMA_SetDataLength	24	static
../Drivers/STM32F4xx_HAL_Driver/Inc/stm32f4xx_ll_dma.h:1402:22:LL_DMA_ConfigAddresses	24	static
../Drivers/STM32F4xx_HAL_Driver/Inc/stm32f4xx_ll_dma.h:2221:22:LL_DMA_ClearFlag_TC4	16	static
../Drivers/STM32F4xx_HAL_Driver/Inc/stm32f4xx_ll_dma.h:2586:22:LL_DMA_EnableIT_TC	16	static
../Drivers/ILI9341/core.c:52:13:ILI9341_Delay	16	static
../Drivers/ILI9341/core.c:56:6:Send_DMA_Data16	32	static
../Drivers/ILI9341/core.c:80:6:DMA2_Str4_TransmitComplete_Callback	8	static
../Drivers/ILI9341/core.c:91:6:Send_Data8	16	static
../Drivers/ILI9341/core.c:100:13:ILI9341_SendToTFT	24	static
../Drivers/ILI9341/core.c:115:6:ILI9341_SendCommand	16	static
../Drivers/ILI9341/core.c:132:6:ILI9341_SendCommandAndData	24	static
../Drivers/ILI9341/core.c:146:6:ILI9341_SendData16	24	static
../Drivers/ILI9341/core.c:161:6:ILI9341_SetRotation	16	static
../Drivers/ILI9341/core.c:188:6:ILI9341_SetAddrWindow	32	static
../Drivers/ILI9341/core.c:208:6:ILI9341_WritePixel	24	static
../Drivers/ILI9341/core.c:223:6:ILI9341_ClearDisplay	24	static
../Drivers/ILI9341/core.c:236:6:ILI9341_Init	16	static
../Drivers/ILI9341/core.c:271:6:ILI9341_fillRect	56	dynamic
